The ``add`` module
======================

Using ``add_integer``
-------------------
import modual:
>>> add_integer = __import__("0-add_integer").add_integer
>>> add_integer(1, 5)
6
>>> add_integer(1, None)
Traceback (most recent call last):
TypeError: b must be an integer
>>> add_integer(1, 5.54)
6
>>> add_integer(1, -1)
0
